1736228903.970335 client started (74066): version 3.4, socket /private/tmp/tmux-501/default, protocol 8
1736228903.970375 on Darwin 24.2.0 Darwin Kernel Version 24.2.0: Fri Dec  6 18:56:34 PST 2024; root:xnu-11215.61.5~2/RELEASE_ARM64_T6020
1736228903.970384 using libevent 2.1.12-stable select
1736228903.970609 using utf8proc 2.9.0
1736228903.970616 using ncurses 6.5 20240427
1736228903.970627 flags are 0x10010000
1736228903.970630 socket is /private/tmp/tmux-501/default
1736228903.970637 trying connect
1736228903.970718 add peer 0x150048000: 6 (0x0)
1736228903.973823 sending message 100 to peer 0x150048000 (4 bytes)
1736228903.973836 sending message 111 to peer 0x150048000 (8 bytes)
1736228903.973840 sending message 101 to peer 0x150048000 (14 bytes)
1736228903.973844 sending message 109 to peer 0x150048000 (4 bytes)
1736228903.973847 sending message 102 to peer 0x150048000 (13 bytes)
1736228903.973850 sending message 108 to peer 0x150048000 (26 bytes)
1736228903.973853 sending message 112 to peer 0x150048000 (70 bytes)
1736228903.973856 sending message 112 to peer 0x150048000 (5 bytes)
1736228903.973858 sending message 112 to peer 0x150048000 (5 bytes)
1736228903.973862 sending message 112 to peer 0x150048000 (6 bytes)
1736228903.973864 sending message 112 to peer 0x150048000 (6 bytes)
1736228903.973868 sending message 112 to peer 0x150048000 (11 bytes)
1736228903.973871 sending message 112 to peer 0x150048000 (10 bytes)
1736228903.973874 sending message 112 to peer 0x150048000 (13 bytes)
1736228903.973877 sending message 112 to peer 0x150048000 (13 bytes)
1736228903.973880 sending message 112 to peer 0x150048000 (18 bytes)
1736228903.973882 sending message 112 to peer 0x150048000 (11 bytes)
1736228903.973885 sending message 112 to peer 0x150048000 (10 bytes)
1736228903.973888 sending message 112 to peer 0x150048000 (15 bytes)
1736228903.973891 sending message 112 to peer 0x150048000 (21 bytes)
1736228903.973894 sending message 112 to peer 0x150048000 (13 bytes)
1736228903.973896 sending message 112 to peer 0x150048000 (7 bytes)
1736228903.973901 sending message 112 to peer 0x150048000 (13 bytes)
1736228903.973904 sending message 112 to peer 0x150048000 (7 bytes)
1736228903.973907 sending message 112 to peer 0x150048000 (13 bytes)
1736228903.973909 sending message 112 to peer 0x150048000 (9 bytes)
1736228903.973913 sending message 112 to peer 0x150048000 (21 bytes)
1736228903.973916 sending message 112 to peer 0x150048000 (13 bytes)
1736228903.973919 sending message 112 to peer 0x150048000 (8 bytes)
1736228903.973922 sending message 112 to peer 0x150048000 (12 bytes)
1736228903.973924 sending message 112 to peer 0x150048000 (13 bytes)
1736228903.973927 sending message 112 to peer 0x150048000 (9 bytes)
1736228903.973930 sending message 112 to peer 0x150048000 (9 bytes)
1736228903.973933 sending message 112 to peer 0x150048000 (12 bytes)
1736228903.973936 sending message 112 to peer 0x150048000 (8 bytes)
1736228903.973938 sending message 112 to peer 0x150048000 (8 bytes)
1736228903.973941 sending message 112 to peer 0x150048000 (7 bytes)
1736228903.973944 sending message 112 to peer 0x150048000 (7 bytes)
1736228903.973947 sending message 112 to peer 0x150048000 (9 bytes)
1736228903.973950 sending message 112 to peer 0x150048000 (13 bytes)
1736228903.973953 sending message 112 to peer 0x150048000 (6 bytes)
1736228903.973955 sending message 112 to peer 0x150048000 (9 bytes)
1736228903.973958 sending message 112 to peer 0x150048000 (15 bytes)
1736228903.973961 sending message 112 to peer 0x150048000 (13 bytes)
1736228903.973963 sending message 112 to peer 0x150048000 (12 bytes)
1736228903.973966 sending message 112 to peer 0x150048000 (8 bytes)
1736228903.973969 sending message 112 to peer 0x150048000 (14 bytes)
1736228903.973971 sending message 112 to peer 0x150048000 (11 bytes)
1736228903.973974 sending message 112 to peer 0x150048000 (9 bytes)
1736228903.973976 sending message 112 to peer 0x150048000 (10 bytes)
1736228903.973979 sending message 112 to peer 0x150048000 (10 bytes)
1736228903.973982 sending message 112 to peer 0x150048000 (10 bytes)
1736228903.973990 sending message 112 to peer 0x150048000 (10 bytes)
1736228903.973992 sending message 112 to peer 0x150048000 (11 bytes)
1736228903.973994 sending message 112 to peer 0x150048000 (12 bytes)
1736228903.973996 sending message 112 to peer 0x150048000 (12 bytes)
1736228903.973998 sending message 112 to peer 0x150048000 (12 bytes)
1736228903.974000 sending message 112 to peer 0x150048000 (12 bytes)
1736228903.974002 sending message 112 to peer 0x150048000 (12 bytes)
1736228903.974005 sending message 112 to peer 0x150048000 (11 bytes)
1736228903.974007 sending message 112 to peer 0x150048000 (11 bytes)
1736228903.974009 sending message 112 to peer 0x150048000 (12 bytes)
1736228903.974011 sending message 112 to peer 0x150048000 (12 bytes)
1736228903.974013 sending message 112 to peer 0x150048000 (12 bytes)
1736228903.974015 sending message 112 to peer 0x150048000 (12 bytes)
1736228903.974017 sending message 112 to peer 0x150048000 (12 bytes)
1736228903.974019 sending message 112 to peer 0x150048000 (10 bytes)
1736228903.974021 sending message 112 to peer 0x150048000 (12 bytes)
1736228903.974024 sending message 112 to peer 0x150048000 (13 bytes)
1736228903.974025 sending message 112 to peer 0x150048000 (13 bytes)
1736228903.974028 sending message 112 to peer 0x150048000 (13 bytes)
1736228903.974030 sending message 112 to peer 0x150048000 (13 bytes)
1736228903.974032 sending message 112 to peer 0x150048000 (13 bytes)
1736228903.974034 sending message 112 to peer 0x150048000 (8 bytes)
1736228903.974036 sending message 112 to peer 0x150048000 (11 bytes)
1736228903.974038 sending message 112 to peer 0x150048000 (11 bytes)
1736228903.974041 sending message 112 to peer 0x150048000 (11 bytes)
1736228903.974043 sending message 112 to peer 0x150048000 (12 bytes)
1736228903.974045 sending message 112 to peer 0x150048000 (12 bytes)
1736228903.974047 sending message 112 to peer 0x150048000 (12 bytes)
1736228903.974049 sending message 112 to peer 0x150048000 (12 bytes)
1736228903.974051 sending message 112 to peer 0x150048000 (13 bytes)
1736228903.974053 sending message 112 to peer 0x150048000 (13 bytes)
1736228903.974055 sending message 112 to peer 0x150048000 (13 bytes)
1736228903.974057 sending message 112 to peer 0x150048000 (8 bytes)
1736228903.974059 sending message 112 to peer 0x150048000 (13 bytes)
1736228903.974061 sending message 112 to peer 0x150048000 (13 bytes)
1736228903.974064 sending message 112 to peer 0x150048000 (13 bytes)
1736228903.974066 sending message 112 to peer 0x150048000 (13 bytes)
1736228903.974068 sending message 112 to peer 0x150048000 (13 bytes)
1736228903.974070 sending message 112 to peer 0x150048000 (12 bytes)
1736228903.974072 sending message 112 to peer 0x150048000 (12 bytes)
1736228903.974075 sending message 112 to peer 0x150048000 (12 bytes)
1736228903.974077 sending message 112 to peer 0x150048000 (12 bytes)
1736228903.974079 sending message 112 to peer 0x150048000 (13 bytes)
1736228903.974081 sending message 112 to peer 0x150048000 (8 bytes)
1736228903.974083 sending message 112 to peer 0x150048000 (13 bytes)
1736228903.974085 sending message 112 to peer 0x150048000 (13 bytes)
1736228903.974088 sending message 112 to peer 0x150048000 (13 bytes)
1736228903.974090 sending message 112 to peer 0x150048000 (13 bytes)
1736228903.974092 sending message 112 to peer 0x150048000 (13 bytes)
1736228903.974094 sending message 112 to peer 0x150048000 (13 bytes)
1736228903.974096 sending message 112 to peer 0x150048000 (13 bytes)
1736228903.974098 sending message 112 to peer 0x150048000 (12 bytes)
1736228903.974100 sending message 112 to peer 0x150048000 (12 bytes)
1736228903.974102 sending message 112 to peer 0x150048000 (12 bytes)
1736228903.974104 sending message 112 to peer 0x150048000 (8 bytes)
1736228903.974107 sending message 112 to peer 0x150048000 (12 bytes)
1736228903.974109 sending message 112 to peer 0x150048000 (13 bytes)
1736228903.974111 sending message 112 to peer 0x150048000 (13 bytes)
1736228903.974113 sending message 112 to peer 0x150048000 (13 bytes)
1736228903.974115 sending message 112 to peer 0x150048000 (13 bytes)
1736228903.974170 sending message 112 to peer 0x150048000 (13 bytes)
1736228903.974180 sending message 112 to peer 0x150048000 (13 bytes)
1736228903.974183 sending message 112 to peer 0x150048000 (13 bytes)
1736228903.974187 sending message 112 to peer 0x150048000 (13 bytes)
1736228903.974190 sending message 112 to peer 0x150048000 (12 bytes)
1736228903.974192 sending message 112 to peer 0x150048000 (10 bytes)
1736228903.974194 sending message 112 to peer 0x150048000 (12 bytes)
1736228903.974197 sending message 112 to peer 0x150048000 (12 bytes)
1736228903.974203 sending message 112 to peer 0x150048000 (12 bytes)
1736228903.974205 sending message 112 to peer 0x150048000 (13 bytes)
1736228903.974208 sending message 112 to peer 0x150048000 (13 bytes)
1736228903.974210 sending message 112 to peer 0x150048000 (13 bytes)
1736228903.974212 sending message 112 to peer 0x150048000 (13 bytes)
1736228903.974214 sending message 112 to peer 0x150048000 (13 bytes)
1736228903.974217 sending message 112 to peer 0x150048000 (13 bytes)
1736228903.974219 sending message 112 to peer 0x150048000 (13 bytes)
1736228903.974221 sending message 112 to peer 0x150048000 (10 bytes)
1736228903.974223 sending message 112 to peer 0x150048000 (13 bytes)
1736228903.974225 sending message 112 to peer 0x150048000 (12 bytes)
1736228903.974228 sending message 112 to peer 0x150048000 (12 bytes)
1736228903.974230 sending message 112 to peer 0x150048000 (12 bytes)
1736228903.974232 sending message 112 to peer 0x150048000 (10 bytes)
1736228903.974235 sending message 112 to peer 0x150048000 (10 bytes)
1736228903.974240 sending message 112 to peer 0x150048000 (10 bytes)
1736228903.974242 sending message 112 to peer 0x150048000 (12 bytes)
1736228903.974245 sending message 112 to peer 0x150048000 (13 bytes)
1736228903.974247 sending message 112 to peer 0x150048000 (13 bytes)
1736228903.974249 sending message 112 to peer 0x150048000 (13 bytes)
1736228903.974251 sending message 112 to peer 0x150048000 (13 bytes)
1736228903.974254 sending message 112 to peer 0x150048000 (13 bytes)
1736228903.974256 sending message 112 to peer 0x150048000 (11 bytes)
1736228903.974259 sending message 112 to peer 0x150048000 (11 bytes)
1736228903.974261 sending message 112 to peer 0x150048000 (12 bytes)
1736228903.974263 sending message 112 to peer 0x150048000 (12 bytes)
1736228903.974271 sending message 112 to peer 0x150048000 (12 bytes)
1736228903.974273 sending message 112 to peer 0x150048000 (12 bytes)
1736228903.974275 sending message 112 to peer 0x150048000 (12 bytes)
1736228903.974277 sending message 112 to peer 0x150048000 (11 bytes)
1736228903.974279 sending message 112 to peer 0x150048000 (12 bytes)
1736228903.974281 sending message 112 to peer 0x150048000 (12 bytes)
1736228903.974283 sending message 112 to peer 0x150048000 (13 bytes)
1736228903.974286 sending message 112 to peer 0x150048000 (13 bytes)
1736228903.974288 sending message 112 to peer 0x150048000 (13 bytes)
1736228903.974291 sending message 112 to peer 0x150048000 (13 bytes)
1736228903.974293 sending message 112 to peer 0x150048000 (13 bytes)
1736228903.974295 sending message 112 to peer 0x150048000 (10 bytes)
1736228903.974297 sending message 112 to peer 0x150048000 (9 bytes)
1736228903.974299 sending message 112 to peer 0x150048000 (12 bytes)
1736228903.974301 sending message 112 to peer 0x150048000 (13 bytes)
1736228903.974304 sending message 112 to peer 0x150048000 (13 bytes)
1736228903.974306 sending message 112 to peer 0x150048000 (13 bytes)
1736228903.974308 sending message 112 to peer 0x150048000 (13 bytes)
1736228903.974311 sending message 112 to peer 0x150048000 (13 bytes)
1736228903.974313 sending message 112 to peer 0x150048000 (9 bytes)
1736228903.974315 sending message 112 to peer 0x150048000 (12 bytes)
1736228903.974317 sending message 112 to peer 0x150048000 (13 bytes)
1736228903.974319 sending message 112 to peer 0x150048000 (13 bytes)
1736228903.974321 sending message 112 to peer 0x150048000 (13 bytes)
1736228903.974324 sending message 112 to peer 0x150048000 (13 bytes)
1736228903.974333 sending message 112 to peer 0x150048000 (13 bytes)
1736228903.974336 sending message 112 to peer 0x150048000 (11 bytes)
1736228903.974338 sending message 112 to peer 0x150048000 (12 bytes)
1736228903.974341 sending message 112 to peer 0x150048000 (13 bytes)
1736228903.974343 sending message 112 to peer 0x150048000 (13 bytes)
1736228903.974345 sending message 112 to peer 0x150048000 (13 bytes)
1736228903.974348 sending message 112 to peer 0x150048000 (13 bytes)
1736228903.974350 sending message 112 to peer 0x150048000 (13 bytes)
1736228903.974356 sending message 112 to peer 0x150048000 (11 bytes)
1736228903.974361 sending message 112 to peer 0x150048000 (12 bytes)
1736228903.974363 sending message 112 to peer 0x150048000 (12 bytes)
1736228903.974365 sending message 112 to peer 0x150048000 (12 bytes)
1736228903.974368 sending message 112 to peer 0x150048000 (12 bytes)
1736228903.974370 sending message 112 to peer 0x150048000 (12 bytes)
1736228903.974375 sending message 112 to peer 0x150048000 (21 bytes)
1736228903.974378 sending message 112 to peer 0x150048000 (12 bytes)
1736228903.974379 sending message 112 to peer 0x150048000 (9 bytes)
1736228903.974385 sending message 112 to peer 0x150048000 (6 bytes)
1736228903.974388 sending message 112 to peer 0x150048000 (13 bytes)
1736228903.974390 sending message 112 to peer 0x150048000 (8 bytes)
1736228903.974395 sending message 112 to peer 0x150048000 (15 bytes)
1736228903.974400 sending message 112 to peer 0x150048000 (13 bytes)
1736228903.974403 sending message 112 to peer 0x150048000 (9 bytes)
1736228903.974410 sending message 112 to peer 0x150048000 (70 bytes)
1736228903.974414 sending message 112 to peer 0x150048000 (69 bytes)
1736228903.974417 sending message 112 to peer 0x150048000 (10 bytes)
1736228903.974420 sending message 112 to peer 0x150048000 (10 bytes)
1736228903.974425 sending message 112 to peer 0x150048000 (8 bytes)
1736228903.974429 sending message 112 to peer 0x150048000 (15 bytes)
1736228903.974431 sending message 112 to peer 0x150048000 (13 bytes)
1736228903.974434 sending message 112 to peer 0x150048000 (10 bytes)
1736228903.974435 sending message 112 to peer 0x150048000 (10 bytes)
1736228903.974437 sending message 112 to peer 0x150048000 (17 bytes)
1736228903.974439 sending message 112 to peer 0x150048000 (10 bytes)
1736228903.974441 sending message 112 to peer 0x150048000 (13 bytes)
1736228903.974443 sending message 112 to peer 0x150048000 (9 bytes)
1736228903.974445 sending message 112 to peer 0x150048000 (5 bytes)
1736228903.974447 sending message 112 to peer 0x150048000 (15 bytes)
1736228903.974450 sending message 104 to peer 0x150048000 (0 bytes)
1736228903.974454 sending message 110 to peer 0x150048000 (0 bytes)
1736228903.974456 sending message 107 to peer 0x150048000 (4 bytes)
1736228903.974458 sending message 105 to peer 0x150048000 (15 bytes)
1736228903.974460 sending message 105 to peer 0x150048000 (158 bytes)
1736228903.974464 sending message 105 to peer 0x150048000 (31 bytes)
1736228903.974466 sending message 105 to peer 0x150048000 (515 bytes)
1736228903.974471 sending message 105 to peer 0x150048000 (18 bytes)
1736228903.974473 sending message 105 to peer 0x150048000 (23 bytes)
1736228903.974475 sending message 105 to peer 0x150048000 (81 bytes)
1736228903.974478 sending message 105 to peer 0x150048000 (17 bytes)
1736228903.974480 sending message 105 to peer 0x150048000 (424 bytes)
1736228903.974483 sending message 105 to peer 0x150048000 (14 bytes)
1736228903.974485 sending message 105 to peer 0x150048000 (54 bytes)
1736228903.974488 sending message 105 to peer 0x150048000 (41 bytes)
1736228903.974490 sending message 105 to peer 0x150048000 (79 bytes)
1736228903.974492 sending message 105 to peer 0x150048000 (25 bytes)
1736228903.974494 sending message 105 to peer 0x150048000 (42 bytes)
1736228903.974496 sending message 105 to peer 0x150048000 (38 bytes)
1736228903.974498 sending message 105 to peer 0x150048000 (29 bytes)
1736228903.974501 sending message 105 to peer 0x150048000 (28 bytes)
1736228903.974512 sending message 105 to peer 0x150048000 (68 bytes)
1736228903.974517 sending message 105 to peer 0x150048000 (1748 bytes)
1736228903.974527 sending message 105 to peer 0x150048000 (174 bytes)
1736228903.974532 sending message 105 to peer 0x150048000 (36 bytes)
1736228903.974537 sending message 105 to peer 0x150048000 (30 bytes)
1736228903.974540 sending message 105 to peer 0x150048000 (31 bytes)
1736228903.974544 sending message 105 to peer 0x150048000 (16 bytes)
1736228903.974547 sending message 105 to peer 0x150048000 (16 bytes)
1736228903.974550 sending message 105 to peer 0x150048000 (24 bytes)
1736228903.974553 sending message 105 to peer 0x150048000 (15 bytes)
1736228903.974555 sending message 105 to peer 0x150048000 (8 bytes)
1736228903.974558 sending message 105 to peer 0x150048000 (66 bytes)
1736228903.974561 sending message 105 to peer 0x150048000 (38 bytes)
1736228903.974564 sending message 105 to peer 0x150048000 (19 bytes)
1736228903.974568 sending message 105 to peer 0x150048000 (19 bytes)
1736228903.974571 sending message 105 to peer 0x150048000 (18 bytes)
1736228903.974574 sending message 105 to peer 0x150048000 (25 bytes)
1736228903.974577 sending message 105 to peer 0x150048000 (53 bytes)
1736228903.974580 sending message 105 to peer 0x150048000 (57 bytes)
1736228903.974586 sending message 105 to peer 0x150048000 (43 bytes)
1736228903.974590 sending message 105 to peer 0x150048000 (14 bytes)
1736228903.974594 sending message 105 to peer 0x150048000 (11 bytes)
1736228903.974598 sending message 105 to peer 0x150048000 (31 bytes)
1736228903.974601 sending message 105 to peer 0x150048000 (14 bytes)
1736228903.974606 sending message 105 to peer 0x150048000 (19 bytes)
1736228903.974610 sending message 105 to peer 0x150048000 (40 bytes)
1736228903.974614 sending message 105 to peer 0x150048000 (25 bytes)
1736228903.974618 sending message 106 to peer 0x150048000 (0 bytes)
1736228903.974675 sending message 200 to peer 0x150048000 (4 bytes)
1736228903.974681 client loop enter
1736228903.974815 peer 0x150048000 message 303
1736228903.974826 open write file 2 -
1736228903.974847 sending message 305 to peer 0x150048000 (8 bytes)
1736228903.974856 write check file 2
1736228903.974884 peer 0x150048000 message 304
1736228903.974889 write 58 to file 2
1736228903.974892 peer 0x150048000 message 203
1736228903.974896 file 2 58 bytes left
1736228903.974903 write check file 2
1736228903.974907 client loop exit
